npm -v : 버전확인
npm -h : 명령어 도움말
npm install : 현재 위치에 package.json > dependencies 의 모듈들을 모두 설치.
npm install -h : install 명령어 도움말
npm install colors : colors 모듈설치
npm install -g colors : colors 전역으로 모듈설치
npm install colors@1.0.1 : colors 모듈설치(1.0.1버전으로)
npm install colors --save : 현재 로컬/node_modules에 colors설치하고  에 설치된 colors 버전 추가.
npm remove colors : colors 지역모듈삭제
npm remove colors -g : colors 전역모듈삭제
npm list -g : 전역모듈에 설치된 모듈들 트리형태로 표시,(--depth=0:첫번째트리만 출력)
npm list : 현재 (modules 디렉토리에 이동 후) 로컬에 있는 모튤트리 표시, (--depth=0:첫번째트리만 출력)
npm view colors : 최신 colors 모듈 package.json 파일 내용출력
npm view colors version : 최신 colors 모듈 package.json 파일내 version키 출력
npm docs colors : 웹브라우저로 문서페이지 이동
npm search colors : 레지스트리에서 colors가 들어간 모든 모듈 검색.
npm init : 현재 로컬에서 package.json 파일을 자동생성해준다..질문에 답하면 됨.
npm link : 새로운 모듈이 있는 디렉토리에서 npm init -> package.json생성 -> npm link -> 전역위치에 현재 디렉토리 링크생성 -> npm link mmm(<-모듈명)
---------------------------------------npm link
D:\php\node2\new_modules>npm init
name: (new_modules) mmm
version: (1.0.0)
description: mmm module
entry point: (mmm.js)
test command:
git repository:
keywords: mmm
author: dong
license: (ISC)
About to write to D:\php\node2\new_modules\package.json:

{
  "name": "mmm",
  "version": "1.0.0",
  "description": "mmm module",
  "main": "mmm.js",
  "scripts": {
    "test": "echo \"Error: no test specified\" && exit 1"
  },
  "keywords": [
    "mmm"
  ],
  "author": "dong",
  "license": "ISC"
}


Is this ok? (yes)


D:\php\node2\new_modules>npm link
npm WARN EPACKAGEJSON mmm@1.0.0 No repository field.
C:\Users\desktop\AppData\Roaming\npm\node_modules\mmm -> D:\php\node2\new_modules

cd .. <- test.js 위치로 가서 작업

D:\php\node2>npm link mmm
D:\php\node2\node_modules\mmm -> C:\Users\desktop\AppData\Roaming\npm\node_modules\mmm -> D:\php\node2\new_modules

--------------------------npm link end

--------------------------기본 프로젝트 생성 방법 또는 이동 방법
1.프로젝트 생성
2.프로젝트 디렉토리로 가서 npm init으로  package.json 파일생성
3.모듈 추가때마다 --save 옵션 넣어서 생성 (package.json > dependencies 에 모듈 버전 추가됨)
npm install socket.io --save

- 프로젝트 이동시 -
1.프로젝트 옮길시 현 디렉토리 node_modules 빼고(양이 너무 많으므로), 작성한 파일들과 + package.json 파일만 있으면 됨.
2.새로 생성한 프로젝트 디렉토리에 가서 'npm install'만 하면 옮겨진 package.json > dependencies 의 모듈들을 모두 설치됨.

--------------------------프로그램 실행
node index.js or index